[0.177s] DEBUG:colcon:Command line arguments: ['/usr/bin/colcon', 'build']
[0.177s] DEBUG:colcon:Parsed command line arguments: Namespace(log_base=None, log_level=None, verb_name='build', build_base='build', install_base='install', merge_install=False, symlink_install=False, test_result_base=None, continue_on_error=False, executor='parallel', parallel_workers=16, event_handlers=None, ignore_user_meta=False, metas=['./colcon.meta'], base_paths=['.'], packages_ignore=None, packages_ignore_regex=None, paths=None, packages_up_to=None, packages_up_to_regex=None, packages_above=None, packages_above_and_dependencies=None, packages_above_depth=None, packages_select_by_dep=None, packages_skip_by_dep=None, packages_skip_up_to=None, packages_select_build_failed=False, packages_skip_build_finished=False, packages_select_test_failures=False, packages_skip_test_passed=False, packages_select=None, packages_skip=None, packages_select_regex=None, packages_skip_regex=None, packages_start=None, packages_end=None, allow_overriding=[], cmake_args=None, cmake_target=None, cmake_target_skip_unavailable=False, cmake_clean_cache=False, cmake_clean_first=False, cmake_force_configure=False, ament_cmake_args=None, catkin_cmake_args=None, catkin_skip_building_tests=False, verb_parser=<colcon_defaults.argument_parser.defaults.DefaultArgumentsDecorator object at 0x70ba30cc4bf0>, verb_extension=<colcon_core.verb.build.BuildVerb object at 0x70ba30df4d70>, main=<bound method BuildVerb.main of <colcon_core.verb.build.BuildVerb object at 0x70ba30df4d70>>)
[0.231s] Level 1:colcon.colcon_core.package_discovery:discover_packages(colcon_meta) check parameters
[0.231s] Level 1:colcon.colcon_core.package_discovery:discover_packages(recursive) check parameters
[0.231s] Level 1:colcon.colcon_core.package_discovery:discover_packages(ignore) check parameters
[0.231s] Level 1:colcon.colcon_core.package_discovery:discover_packages(path) check parameters
[0.232s] Level 1:colcon.colcon_core.package_discovery:discover_packages(colcon_meta) discover
[0.232s] Level 1:colcon.colcon_core.package_discovery:discover_packages(recursive) discover
[0.232s] INFO:colcon.colcon_core.package_discovery:Crawling recursively for packages in '/home/wateen/Desktop/IEEE-RAS-ROS-26/Task_16'
[0.232s] Level 1:colcon.colcon_core.package_identification:_identify(.) by extensions ['ignore', 'ignore_ament_install']
[0.232s] Level 1:colcon.colcon_core.package_identification:_identify(.) by extension 'ignore'
[0.232s] Level 1:colcon.colcon_core.package_identification:_identify(.) by extension 'ignore_ament_install'
[0.232s] Level 1:colcon.colcon_core.package_identification:_identify(.) by extensions ['colcon_pkg']
[0.232s] Level 1:colcon.colcon_core.package_identification:_identify(.) by extension 'colcon_pkg'
[0.232s] Level 1:colcon.colcon_core.package_identification:_identify(.) by extensions ['colcon_meta']
[0.232s] Level 1:colcon.colcon_core.package_identification:_identify(.) by extension 'colcon_meta'
[0.232s] Level 1:colcon.colcon_core.package_identification:_identify(.) by extensions ['ros']
[0.232s] Level 1:colcon.colcon_core.package_identification:_identify(.) by extension 'ros'
[0.266s] Level 1:colcon.colcon_core.package_identification:_identify(.) by extensions ['cmake', 'python']
[0.266s] Level 1:colcon.colcon_core.package_identification:_identify(.) by extension 'cmake'
[0.266s] Level 1:colcon.colcon_core.package_identification:_identify(.) by extension 'python'
[0.267s] Level 1:colcon.colcon_core.package_identification:_identify(.) by extensions ['python_setup_py']
[0.267s] Level 1:colcon.colcon_core.package_identification:_identify(.) by extension 'python_setup_py'
[0.267s] Level 1:colcon.colcon_core.package_identification:_identify(build) by extensions ['ignore', 'ignore_ament_install']
[0.267s] Level 1:colcon.colcon_core.package_identification:_identify(build) by extension 'ignore'
[0.267s] Level 1:colcon.colcon_core.package_identification:_identify(build) ignored
[0.267s] Level 1:colcon.colcon_core.package_identification:_identify(install) by extensions ['ignore', 'ignore_ament_install']
[0.267s] Level 1:colcon.colcon_core.package_identification:_identify(install) by extension 'ignore'
[0.267s] Level 1:colcon.colcon_core.package_identification:_identify(install) ignored
[0.267s] Level 1:colcon.colcon_core.package_identification:_identify(log) by extensions ['ignore', 'ignore_ament_install']
[0.268s] Level 1:colcon.colcon_core.package_identification:_identify(log) by extension 'ignore'
[0.268s] Level 1:colcon.colcon_core.package_identification:_identify(log) ignored
[0.268s] Level 1:colcon.colcon_core.package_identification:_identify(src) by extensions ['ignore', 'ignore_ament_install']
[0.268s] Level 1:colcon.colcon_core.package_identification:_identify(src) by extension 'ignore'
[0.268s] Level 1:colcon.colcon_core.package_identification:_identify(src) by extension 'ignore_ament_install'
[0.268s] Level 1:colcon.colcon_core.package_identification:_identify(src) by extensions ['colcon_pkg']
[0.268s] Level 1:colcon.colcon_core.package_identification:_identify(src) by extension 'colcon_pkg'
[0.268s] Level 1:colcon.colcon_core.package_identification:_identify(src) by extensions ['colcon_meta']
[0.268s] Level 1:colcon.colcon_core.package_identification:_identify(src) by extension 'colcon_meta'
[0.268s] Level 1:colcon.colcon_core.package_identification:_identify(src) by extensions ['ros']
[0.268s] Level 1:colcon.colcon_core.package_identification:_identify(src) by extension 'ros'
[0.268s] Level 1:colcon.colcon_core.package_identification:_identify(src) by extensions ['cmake', 'python']
[0.268s] Level 1:colcon.colcon_core.package_identification:_identify(src) by extension 'cmake'
[0.268s] Level 1:colcon.colcon_core.package_identification:_identify(src) by extension 'python'
[0.269s] Level 1:colcon.colcon_core.package_identification:_identify(src) by extensions ['python_setup_py']
[0.269s] Level 1:colcon.colcon_core.package_identification:_identify(src) by extension 'python_setup_py'
[0.269s] Level 1:colcon.colcon_core.package_identification:_identify(src/task16_starter_robot-main) by extensions ['ignore', 'ignore_ament_install']
[0.269s] Level 1:colcon.colcon_core.package_identification:_identify(src/task16_starter_robot-main) by extension 'ignore'
[0.269s] Level 1:colcon.colcon_core.package_identification:_identify(src/task16_starter_robot-main) by extension 'ignore_ament_install'
[0.269s] Level 1:colcon.colcon_core.package_identification:_identify(src/task16_starter_robot-main) by extensions ['colcon_pkg']
[0.269s] Level 1:colcon.colcon_core.package_identification:_identify(src/task16_starter_robot-main) by extension 'colcon_pkg'
[0.269s] Level 1:colcon.colcon_core.package_identification:_identify(src/task16_starter_robot-main) by extensions ['colcon_meta']
[0.269s] Level 1:colcon.colcon_core.package_identification:_identify(src/task16_starter_robot-main) by extension 'colcon_meta'
[0.269s] Level 1:colcon.colcon_core.package_identification:_identify(src/task16_starter_robot-main) by extensions ['ros']
[0.269s] Level 1:colcon.colcon_core.package_identification:_identify(src/task16_starter_robot-main) by extension 'ros'
[0.273s] DEBUG:colcon.colcon_core.package_identification:Package 'src/task16_starter_robot-main' with type 'ros.ament_cmake' and name 'diff_drive_robot'
[0.273s] Level 1:colcon.colcon_core.package_discovery:discover_packages(recursive) using defaults
[0.273s] Level 1:colcon.colcon_core.package_discovery:discover_packages(ignore) discover
[0.273s] Level 1:colcon.colcon_core.package_discovery:discover_packages(ignore) using defaults
[0.273s] Level 1:colcon.colcon_core.package_discovery:discover_packages(path) discover
[0.273s] Level 1:colcon.colcon_core.package_discovery:discover_packages(path) using defaults
[0.297s] Level 1:colcon.colcon_core.package_discovery:discover_packages(prefix_path) check parameters
[0.297s] Level 1:colcon.colcon_core.package_discovery:discover_packages(prefix_path) discover
[0.298s] WARNING:colcon.colcon_ros.prefix_path.ament:The path '/home/wateen/Desktop/IEEE-RAS-ROS-26/Task_16/install/diff_drive_robot' in the environment variable AMENT_PREFIX_PATH doesn't exist
[0.298s] WARNING:colcon.colcon_ros.prefix_path.catkin:The path '/home/wateen/Desktop/IEEE-RAS-ROS-26/Task_16/install/diff_drive_robot' in the environment variable CMAKE_PREFIX_PATH doesn't exist
[0.299s] DEBUG:colcon.colcon_installed_package_information.package_discovery:Found 0 installed packages in /home/wateen/Desktop/IEEE-RAS-ROS-26/Task_16/install
[0.302s] DEBUG:colcon.colcon_installed_package_information.package_discovery:Found 387 installed packages in /opt/ros/jazzy
[0.304s] Level 1:colcon.colcon_core.package_discovery:discover_packages(prefix_path) using defaults
[0.390s] Level 5:colcon.colcon_core.verb:set package 'diff_drive_robot' build argument 'cmake_args' from command line to 'None'
[0.390s] Level 5:colcon.colcon_core.verb:set package 'diff_drive_robot' build argument 'cmake_target' from command line to 'None'
[0.390s] Level 5:colcon.colcon_core.verb:set package 'diff_drive_robot' build argument 'cmake_target_skip_unavailable' from command line to 'False'
[0.390s] Level 5:colcon.colcon_core.verb:set package 'diff_drive_robot' build argument 'cmake_clean_cache' from command line to 'False'
[0.390s] Level 5:colcon.colcon_core.verb:set package 'diff_drive_robot' build argument 'cmake_clean_first' from command line to 'False'
[0.390s] Level 5:colcon.colcon_core.verb:set package 'diff_drive_robot' build argument 'cmake_force_configure' from command line to 'False'
[0.390s] Level 5:colcon.colcon_core.verb:set package 'diff_drive_robot' build argument 'ament_cmake_args' from command line to 'None'
[0.390s] Level 5:colcon.colcon_core.verb:set package 'diff_drive_robot' build argument 'catkin_cmake_args' from command line to 'None'
[0.390s] Level 5:colcon.colcon_core.verb:set package 'diff_drive_robot' build argument 'catkin_skip_building_tests' from command line to 'False'
[0.391s] DEBUG:colcon.colcon_core.verb:Building package 'diff_drive_robot' with the following arguments: {'ament_cmake_args': None, 'build_base': '/home/wateen/Desktop/IEEE-RAS-ROS-26/Task_16/build/diff_drive_robot', 'catkin_cmake_args': None, 'catkin_skip_building_tests': False, 'cmake_args': None, 'cmake_clean_cache': False, 'cmake_clean_first': False, 'cmake_force_configure': False, 'cmake_target': None, 'cmake_target_skip_unavailable': False, 'install_base': '/home/wateen/Desktop/IEEE-RAS-ROS-26/Task_16/install/diff_drive_robot', 'merge_install': False, 'path': '/home/wateen/Desktop/IEEE-RAS-ROS-26/Task_16/src/task16_starter_robot-main', 'symlink_install': False, 'test_result_base': None}
[0.391s] INFO:colcon.colcon_core.executor:Executing jobs using 'parallel' executor
[0.392s] DEBUG:colcon.colcon_parallel_executor.executor.parallel:run_until_complete
[0.392s] INFO:colcon.colcon_ros.task.ament_cmake.build:Building ROS package in '/home/wateen/Desktop/IEEE-RAS-ROS-26/Task_16/src/task16_starter_robot-main' with build type 'ament_cmake'
[0.392s] INFO:colcon.colcon_cmake.task.cmake.build:Building CMake package in '/home/wateen/Desktop/IEEE-RAS-ROS-26/Task_16/src/task16_starter_robot-main'
[0.395s] INFO:colcon.colcon_core.plugin_system:Skipping extension 'colcon_core.shell.bat': Not used on non-Windows systems
[0.395s] INFO:colcon.colcon_core.shell:Skip shell extension 'powershell' for command environment: Not usable outside of PowerShell
[0.395s] DEBUG:colcon.colcon_core.shell:Skip shell extension 'dsv' for command environment
[0.405s] DEBUG:colcon.colcon_core.event_handler.log_command:Invoking command in '/home/wateen/Desktop/IEEE-RAS-ROS-26/Task_16/build/diff_drive_robot': CMAKE_PREFIX_PATH=${CMAKE_PREFIX_PATH}:/opt/ros/jazzy DEBUGINFOD_URLS=https://debuginfod.ubuntu.com /usr/bin/cmake /home/wateen/Desktop/IEEE-RAS-ROS-26/Task_16/src/task16_starter_robot-main -DCMAKE_INSTALL_PREFIX=/home/wateen/Desktop/IEEE-RAS-ROS-26/Task_16/install/diff_drive_robot
[1.897s] DEBUG:colcon.colcon_core.event_handler.log_command:Invoked command in '/home/wateen/Desktop/IEEE-RAS-ROS-26/Task_16/build/diff_drive_robot' returned '0': CMAKE_PREFIX_PATH=${CMAKE_PREFIX_PATH}:/opt/ros/jazzy DEBUGINFOD_URLS=https://debuginfod.ubuntu.com /usr/bin/cmake /home/wateen/Desktop/IEEE-RAS-ROS-26/Task_16/src/task16_starter_robot-main -DCMAKE_INSTALL_PREFIX=/home/wateen/Desktop/IEEE-RAS-ROS-26/Task_16/install/diff_drive_robot
[1.899s] DEBUG:colcon.colcon_core.event_handler.log_command:Invoking command in '/home/wateen/Desktop/IEEE-RAS-ROS-26/Task_16/build/diff_drive_robot': CMAKE_PREFIX_PATH=${CMAKE_PREFIX_PATH}:/opt/ros/jazzy DEBUGINFOD_URLS=https://debuginfod.ubuntu.com /usr/bin/cmake --build /home/wateen/Desktop/IEEE-RAS-ROS-26/Task_16/build/diff_drive_robot -- -j16 -l16
[1.948s] DEBUG:colcon.colcon_core.event_handler.log_command:Invoked command in '/home/wateen/Desktop/IEEE-RAS-ROS-26/Task_16/build/diff_drive_robot' returned '0': CMAKE_PREFIX_PATH=${CMAKE_PREFIX_PATH}:/opt/ros/jazzy DEBUGINFOD_URLS=https://debuginfod.ubuntu.com /usr/bin/cmake --build /home/wateen/Desktop/IEEE-RAS-ROS-26/Task_16/build/diff_drive_robot -- -j16 -l16
[1.961s] DEBUG:colcon.colcon_core.event_handler.log_command:Invoking command in '/home/wateen/Desktop/IEEE-RAS-ROS-26/Task_16/build/diff_drive_robot': CMAKE_PREFIX_PATH=${CMAKE_PREFIX_PATH}:/opt/ros/jazzy DEBUGINFOD_URLS=https://debuginfod.ubuntu.com /usr/bin/cmake --install /home/wateen/Desktop/IEEE-RAS-ROS-26/Task_16/build/diff_drive_robot
[1.978s] Level 1:colcon.colcon_core.environment:create_environment_scripts_only(diff_drive_robot)
[1.978s] DEBUG:colcon.colcon_core.event_handler.log_command:Invoked command in '/home/wateen/Desktop/IEEE-RAS-ROS-26/Task_16/build/diff_drive_robot' returned '0': CMAKE_PREFIX_PATH=${CMAKE_PREFIX_PATH}:/opt/ros/jazzy DEBUGINFOD_URLS=https://debuginfod.ubuntu.com /usr/bin/cmake --install /home/wateen/Desktop/IEEE-RAS-ROS-26/Task_16/build/diff_drive_robot
[1.981s] Level 1:colcon.colcon_core.environment:checking '/home/wateen/Desktop/IEEE-RAS-ROS-26/Task_16/install/diff_drive_robot' for CMake module files
[1.982s] Level 1:colcon.colcon_core.environment:checking '/home/wateen/Desktop/IEEE-RAS-ROS-26/Task_16/install/diff_drive_robot' for CMake config files
[1.982s] Level 1:colcon.colcon_core.shell:create_environment_hook('diff_drive_robot', 'cmake_prefix_path')
[1.982s] INFO:colcon.colcon_core.shell:Creating environment hook '/home/wateen/Desktop/IEEE-RAS-ROS-26/Task_16/install/diff_drive_robot/share/diff_drive_robot/hook/cmake_prefix_path.ps1'
[1.983s] INFO:colcon.colcon_core.shell:Creating environment descriptor '/home/wateen/Desktop/IEEE-RAS-ROS-26/Task_16/install/diff_drive_robot/share/diff_drive_robot/hook/cmake_prefix_path.dsv'
[1.983s] INFO:colcon.colcon_core.shell:Creating environment hook '/home/wateen/Desktop/IEEE-RAS-ROS-26/Task_16/install/diff_drive_robot/share/diff_drive_robot/hook/cmake_prefix_path.sh'
[1.984s] Level 1:colcon.colcon_core.environment:checking '/home/wateen/Desktop/IEEE-RAS-ROS-26/Task_16/install/diff_drive_robot/bin'
[1.985s] Level 1:colcon.colcon_core.environment:checking '/home/wateen/Desktop/IEEE-RAS-ROS-26/Task_16/install/diff_drive_robot/lib/pkgconfig/diff_drive_robot.pc'
[1.985s] Level 1:colcon.colcon_core.environment:checking '/home/wateen/Desktop/IEEE-RAS-ROS-26/Task_16/install/diff_drive_robot/lib/python3.12/site-packages'
[1.985s] Level 1:colcon.colcon_core.environment:checking '/home/wateen/Desktop/IEEE-RAS-ROS-26/Task_16/install/diff_drive_robot/bin'
[1.986s] INFO:colcon.colcon_core.shell:Creating package script '/home/wateen/Desktop/IEEE-RAS-ROS-26/Task_16/install/diff_drive_robot/share/diff_drive_robot/package.ps1'
[1.987s] INFO:colcon.colcon_core.shell:Creating package descriptor '/home/wateen/Desktop/IEEE-RAS-ROS-26/Task_16/install/diff_drive_robot/share/diff_drive_robot/package.dsv'
[1.987s] INFO:colcon.colcon_core.shell:Creating package script '/home/wateen/Desktop/IEEE-RAS-ROS-26/Task_16/install/diff_drive_robot/share/diff_drive_robot/package.sh'
[1.988s] INFO:colcon.colcon_core.shell:Creating package script '/home/wateen/Desktop/IEEE-RAS-ROS-26/Task_16/install/diff_drive_robot/share/diff_drive_robot/package.bash'
[1.989s] INFO:colcon.colcon_core.shell:Creating package script '/home/wateen/Desktop/IEEE-RAS-ROS-26/Task_16/install/diff_drive_robot/share/diff_drive_robot/package.zsh'
[1.990s] Level 1:colcon.colcon_core.environment:create_file_with_runtime_dependencies(/home/wateen/Desktop/IEEE-RAS-ROS-26/Task_16/install/diff_drive_robot/share/colcon-core/packages/diff_drive_robot)
[1.990s] Level 1:colcon.colcon_core.environment:create_environment_scripts_only(diff_drive_robot)
[1.991s] Level 1:colcon.colcon_core.environment:checking '/home/wateen/Desktop/IEEE-RAS-ROS-26/Task_16/install/diff_drive_robot' for CMake module files
[1.991s] Level 1:colcon.colcon_core.environment:checking '/home/wateen/Desktop/IEEE-RAS-ROS-26/Task_16/install/diff_drive_robot' for CMake config files
[1.992s] Level 1:colcon.colcon_core.shell:create_environment_hook('diff_drive_robot', 'cmake_prefix_path')
[1.992s] INFO:colcon.colcon_core.shell:Creating environment hook '/home/wateen/Desktop/IEEE-RAS-ROS-26/Task_16/install/diff_drive_robot/share/diff_drive_robot/hook/cmake_prefix_path.ps1'
[1.992s] INFO:colcon.colcon_core.shell:Creating environment descriptor '/home/wateen/Desktop/IEEE-RAS-ROS-26/Task_16/install/diff_drive_robot/share/diff_drive_robot/hook/cmake_prefix_path.dsv'
[1.993s] INFO:colcon.colcon_core.shell:Creating environment hook '/home/wateen/Desktop/IEEE-RAS-ROS-26/Task_16/install/diff_drive_robot/share/diff_drive_robot/hook/cmake_prefix_path.sh'
[1.993s] Level 1:colcon.colcon_core.environment:checking '/home/wateen/Desktop/IEEE-RAS-ROS-26/Task_16/install/diff_drive_robot/bin'
[1.994s] Level 1:colcon.colcon_core.environment:checking '/home/wateen/Desktop/IEEE-RAS-ROS-26/Task_16/install/diff_drive_robot/lib/pkgconfig/diff_drive_robot.pc'
[1.994s] Level 1:colcon.colcon_core.environment:checking '/home/wateen/Desktop/IEEE-RAS-ROS-26/Task_16/install/diff_drive_robot/lib/python3.12/site-packages'
[1.995s] Level 1:colcon.colcon_core.environment:checking '/home/wateen/Desktop/IEEE-RAS-ROS-26/Task_16/install/diff_drive_robot/bin'
[1.995s] INFO:colcon.colcon_core.shell:Creating package script '/home/wateen/Desktop/IEEE-RAS-ROS-26/Task_16/install/diff_drive_robot/share/diff_drive_robot/package.ps1'
[1.996s] INFO:colcon.colcon_core.shell:Creating package descriptor '/home/wateen/Desktop/IEEE-RAS-ROS-26/Task_16/install/diff_drive_robot/share/diff_drive_robot/package.dsv'
[1.996s] INFO:colcon.colcon_core.shell:Creating package script '/home/wateen/Desktop/IEEE-RAS-ROS-26/Task_16/install/diff_drive_robot/share/diff_drive_robot/package.sh'
[1.997s] INFO:colcon.colcon_core.shell:Creating package script '/home/wateen/Desktop/IEEE-RAS-ROS-26/Task_16/install/diff_drive_robot/share/diff_drive_robot/package.bash'
[1.998s] INFO:colcon.colcon_core.shell:Creating package script '/home/wateen/Desktop/IEEE-RAS-ROS-26/Task_16/install/diff_drive_robot/share/diff_drive_robot/package.zsh'
[1.998s] Level 1:colcon.colcon_core.environment:create_file_with_runtime_dependencies(/home/wateen/Desktop/IEEE-RAS-ROS-26/Task_16/install/diff_drive_robot/share/colcon-core/packages/diff_drive_robot)
[1.999s] DEBUG:colcon.colcon_parallel_executor.executor.parallel:closing loop
[1.999s] DEBUG:colcon.colcon_parallel_executor.executor.parallel:loop closed
[1.999s] DEBUG:colcon.colcon_parallel_executor.executor.parallel:run_until_complete finished with '0'
[1.999s] DEBUG:colcon.colcon_core.event_reactor:joining thread
[2.006s] INFO:colcon.colcon_core.plugin_system:Skipping extension 'colcon_notification.desktop_notification.terminal_notifier': Not used on non-Darwin systems
[2.007s] INFO:colcon.colcon_core.plugin_system:Skipping extension 'colcon_notification.desktop_notification.win32': Not used on non-Windows systems
[2.007s] INFO:colcon.colcon_notification.desktop_notification:Sending desktop notification using 'notify2'
[2.023s] DEBUG:colcon.colcon_core.event_reactor:joined thread
[2.024s] INFO:colcon.colcon_core.shell:Creating prefix script '/home/wateen/Desktop/IEEE-RAS-ROS-26/Task_16/install/local_setup.ps1'
[2.025s] INFO:colcon.colcon_core.shell:Creating prefix util module '/home/wateen/Desktop/IEEE-RAS-ROS-26/Task_16/install/_local_setup_util_ps1.py'
[2.026s] INFO:colcon.colcon_core.shell:Creating prefix chain script '/home/wateen/Desktop/IEEE-RAS-ROS-26/Task_16/install/setup.ps1'
[2.028s] INFO:colcon.colcon_core.shell:Creating prefix script '/home/wateen/Desktop/IEEE-RAS-ROS-26/Task_16/install/local_setup.sh'
[2.028s] INFO:colcon.colcon_core.shell:Creating prefix util module '/home/wateen/Desktop/IEEE-RAS-ROS-26/Task_16/install/_local_setup_util_sh.py'
[2.029s] INFO:colcon.colcon_core.shell:Creating prefix chain script '/home/wateen/Desktop/IEEE-RAS-ROS-26/Task_16/install/setup.sh'
[2.030s] INFO:colcon.colcon_core.shell:Creating prefix script '/home/wateen/Desktop/IEEE-RAS-ROS-26/Task_16/install/local_setup.bash'
[2.031s] INFO:colcon.colcon_core.shell:Creating prefix chain script '/home/wateen/Desktop/IEEE-RAS-ROS-26/Task_16/install/setup.bash'
[2.032s] INFO:colcon.colcon_core.shell:Creating prefix script '/home/wateen/Desktop/IEEE-RAS-ROS-26/Task_16/install/local_setup.zsh'
[2.032s] INFO:colcon.colcon_core.shell:Creating prefix chain script '/home/wateen/Desktop/IEEE-RAS-ROS-26/Task_16/install/setup.zsh'
