-- Install configuration: ""
-- Up-to-date: /home/wateen/Desktop/IEEE-RAS-ROS-26/Task_16/install/diff_drive_robot/share/diff_drive_robot/launch
-- Up-to-date: /home/wateen/Desktop/IEEE-RAS-ROS-26/Task_16/install/diff_drive_robot/share/diff_drive_robot/launch/robot.launch.py
-- Installing: /home/wateen/Desktop/IEEE-RAS-ROS-26/Task_16/install/diff_drive_robot/share/diff_drive_robot/launch/rsp.launch.py
-- Up-to-date: /home/wateen/Desktop/IEEE-RAS-ROS-26/Task_16/install/diff_drive_robot/share/diff_drive_robot/urdf
-- Up-to-date: /home/wateen/Desktop/IEEE-RAS-ROS-26/Task_16/install/diff_drive_robot/share/diff_drive_robot/urdf/robot.gazebo
-- Up-to-date: /home/wateen/Desktop/IEEE-RAS-ROS-26/Task_16/install/diff_drive_robot/share/diff_drive_robot/urdf/robot.urdf
-- Up-to-date: /home/wateen/Desktop/IEEE-RAS-ROS-26/Task_16/install/diff_drive_robot/share/diff_drive_robot/urdf/inertial_macros.xacro
-- Up-to-date: /home/wateen/Desktop/IEEE-RAS-ROS-26/Task_16/install/diff_drive_robot/share/diff_drive_robot/config
-- Up-to-date: /home/wateen/Desktop/IEEE-RAS-ROS-26/Task_16/install/diff_drive_robot/share/diff_drive_robot/config/gz_bridge.yaml
-- Up-to-date: /home/wateen/Desktop/IEEE-RAS-ROS-26/Task_16/install/diff_drive_robot/share/diff_drive_robot/worlds
-- Up-to-date: /home/wateen/Desktop/IEEE-RAS-ROS-26/Task_16/install/diff_drive_robot/share/diff_drive_robot/worlds/obstacles.world
-- Up-to-date: /home/wateen/Desktop/IEEE-RAS-ROS-26/Task_16/install/diff_drive_robot/share/diff_drive_robot/worlds/empty.world
-- Up-to-date: /home/wateen/Desktop/IEEE-RAS-ROS-26/Task_16/install/diff_drive_robot/share/diff_drive_robot/worlds/world.sdf
-- Up-to-date: /home/wateen/Desktop/IEEE-RAS-ROS-26/Task_16/install/diff_drive_robot/share/diff_drive_robot/rviz
-- Up-to-date: /home/wateen/Desktop/IEEE-RAS-ROS-26/Task_16/install/diff_drive_robot/share/diff_drive_robot/rviz/bot.rviz
-- Up-to-date: /home/wateen/Desktop/IEEE-RAS-ROS-26/Task_16/install/diff_drive_robot/share/diff_drive_robot/launch
-- Up-to-date: /home/wateen/Desktop/IEEE-RAS-ROS-26/Task_16/install/diff_drive_robot/share/diff_drive_robot/launch/robot.launch.py
-- Up-to-date: /home/wateen/Desktop/IEEE-RAS-ROS-26/Task_16/install/diff_drive_robot/share/diff_drive_robot/launch/rsp.launch.py
-- Up-to-date: /home/wateen/Desktop/IEEE-RAS-ROS-26/Task_16/install/diff_drive_robot/share/diff_drive_robot/urdf
-- Up-to-date: /home/wateen/Desktop/IEEE-RAS-ROS-26/Task_16/install/diff_drive_robot/share/diff_drive_robot/urdf/robot.gazebo
-- Up-to-date: /home/wateen/Desktop/IEEE-RAS-ROS-26/Task_16/install/diff_drive_robot/share/diff_drive_robot/urdf/robot.urdf
-- Up-to-date: /home/wateen/Desktop/IEEE-RAS-ROS-26/Task_16/install/diff_drive_robot/share/diff_drive_robot/urdf/inertial_macros.xacro
-- Up-to-date: /home/wateen/Desktop/IEEE-RAS-ROS-26/Task_16/install/diff_drive_robot/share/diff_drive_robot/config
-- Up-to-date: /home/wateen/Desktop/IEEE-RAS-ROS-26/Task_16/install/diff_drive_robot/share/diff_drive_robot/config/gz_bridge.yaml
-- Up-to-date: /home/wateen/Desktop/IEEE-RAS-ROS-26/Task_16/install/diff_drive_robot/share/diff_drive_robot/worlds
-- Up-to-date: /home/wateen/Desktop/IEEE-RAS-ROS-26/Task_16/install/diff_drive_robot/share/diff_drive_robot/worlds/obstacles.world
-- Up-to-date: /home/wateen/Desktop/IEEE-RAS-ROS-26/Task_16/install/diff_drive_robot/share/diff_drive_robot/worlds/empty.world
-- Up-to-date: /home/wateen/Desktop/IEEE-RAS-ROS-26/Task_16/install/diff_drive_robot/share/diff_drive_robot/worlds/world.sdf
-- Up-to-date: /home/wateen/Desktop/IEEE-RAS-ROS-26/Task_16/install/diff_drive_robot/share/diff_drive_robot/rviz
-- Up-to-date: /home/wateen/Desktop/IEEE-RAS-ROS-26/Task_16/install/diff_drive_robot/share/diff_drive_robot/rviz/bot.rviz
-- Up-to-date: /home/wateen/Desktop/IEEE-RAS-ROS-26/Task_16/install/diff_drive_robot/share/ament_index/resource_index/package_run_dependencies/diff_drive_robot
-- Up-to-date: /home/wateen/Desktop/IEEE-RAS-ROS-26/Task_16/install/diff_drive_robot/share/ament_index/resource_index/parent_prefix_path/diff_drive_robot
-- Up-to-date: /home/wateen/Desktop/IEEE-RAS-ROS-26/Task_16/install/diff_drive_robot/share/diff_drive_robot/environment/ament_prefix_path.sh
-- Up-to-date: /home/wateen/Desktop/IEEE-RAS-ROS-26/Task_16/install/diff_drive_robot/share/diff_drive_robot/environment/ament_prefix_path.dsv
-- Up-to-date: /home/wateen/Desktop/IEEE-RAS-ROS-26/Task_16/install/diff_drive_robot/share/diff_drive_robot/environment/path.sh
-- Up-to-date: /home/wateen/Desktop/IEEE-RAS-ROS-26/Task_16/install/diff_drive_robot/share/diff_drive_robot/environment/path.dsv
-- Up-to-date: /home/wateen/Desktop/IEEE-RAS-ROS-26/Task_16/install/diff_drive_robot/share/diff_drive_robot/local_setup.bash
-- Up-to-date: /home/wateen/Desktop/IEEE-RAS-ROS-26/Task_16/install/diff_drive_robot/share/diff_drive_robot/local_setup.sh
-- Up-to-date: /home/wateen/Desktop/IEEE-RAS-ROS-26/Task_16/install/diff_drive_robot/share/diff_drive_robot/local_setup.zsh
-- Up-to-date: /home/wateen/Desktop/IEEE-RAS-ROS-26/Task_16/install/diff_drive_robot/share/diff_drive_robot/local_setup.dsv
-- Up-to-date: /home/wateen/Desktop/IEEE-RAS-ROS-26/Task_16/install/diff_drive_robot/share/diff_drive_robot/package.dsv
-- Up-to-date: /home/wateen/Desktop/IEEE-RAS-ROS-26/Task_16/install/diff_drive_robot/share/ament_index/resource_index/packages/diff_drive_robot
-- Up-to-date: /home/wateen/Desktop/IEEE-RAS-ROS-26/Task_16/install/diff_drive_robot/share/diff_drive_robot/cmake/diff_drive_robotConfig.cmake
-- Up-to-date: /home/wateen/Desktop/IEEE-RAS-ROS-26/Task_16/install/diff_drive_robot/share/diff_drive_robot/cmake/diff_drive_robotConfig-version.cmake
-- Up-to-date: /home/wateen/Desktop/IEEE-RAS-ROS-26/Task_16/install/diff_drive_robot/share/diff_drive_robot/package.xml
