[0.012s] Invoking command in '/home/wateen/Desktop/IEEE-RAS-ROS-26/Task_16/build/diff_drive_robot': CMAKE_PREFIX_PATH=${CMAKE_PREFIX_PATH}:/opt/ros/jazzy DEBUGINFOD_URLS=https://debuginfod.ubuntu.com /usr/bin/cmake --build /home/wateen/Desktop/IEEE-RAS-ROS-26/Task_16/build/diff_drive_robot -- -j16 -l16
[0.059s] Invoked command in '/home/wateen/Desktop/IEEE-RAS-ROS-26/Task_16/build/diff_drive_robot' returned '0': CMAKE_PREFIX_PATH=${CMAKE_PREFIX_PATH}:/opt/ros/jazzy DEBUGINFOD_URLS=https://debuginfod.ubuntu.com /usr/bin/cmake --build /home/wateen/Desktop/IEEE-RAS-ROS-26/Task_16/build/diff_drive_robot -- -j16 -l16
[0.071s] Invoking command in '/home/wateen/Desktop/IEEE-RAS-ROS-26/Task_16/build/diff_drive_robot': CMAKE_PREFIX_PATH=${CMAKE_PREFIX_PATH}:/opt/ros/jazzy DEBUGINFOD_URLS=https://debuginfod.ubuntu.com /usr/bin/cmake --install /home/wateen/Desktop/IEEE-RAS-ROS-26/Task_16/build/diff_drive_robot
[0.081s] -- Install configuration: ""
[0.082s] -- Up-to-date: /home/wateen/Desktop/IEEE-RAS-ROS-26/Task_16/install/diff_drive_robot/share/diff_drive_robot/launch
[0.082s] -- Up-to-date: /home/wateen/Desktop/IEEE-RAS-ROS-26/Task_16/install/diff_drive_robot/share/diff_drive_robot/launch/robot.launch.py
[0.082s] -- Up-to-date: /home/wateen/Desktop/IEEE-RAS-ROS-26/Task_16/install/diff_drive_robot/share/diff_drive_robot/launch/rsp.launch.py
[0.082s] -- Up-to-date: /home/wateen/Desktop/IEEE-RAS-ROS-26/Task_16/install/diff_drive_robot/share/diff_drive_robot/urdf
[0.082s] -- Up-to-date: /home/wateen/Desktop/IEEE-RAS-ROS-26/Task_16/install/diff_drive_robot/share/diff_drive_robot/urdf/robot.gazebo
[0.083s] -- Up-to-date: /home/wateen/Desktop/IEEE-RAS-ROS-26/Task_16/install/diff_drive_robot/share/diff_drive_robot/urdf/robot.urdf
[0.083s] -- Up-to-date: /home/wateen/Desktop/IEEE-RAS-ROS-26/Task_16/install/diff_drive_robot/share/diff_drive_robot/urdf/inertial_macros.xacro
[0.083s] -- Up-to-date: /home/wateen/Desktop/IEEE-RAS-ROS-26/Task_16/install/diff_drive_robot/share/diff_drive_robot/config
[0.083s] -- Up-to-date: /home/wateen/Desktop/IEEE-RAS-ROS-26/Task_16/install/diff_drive_robot/share/diff_drive_robot/config/gz_bridge.yaml
[0.083s] -- Up-to-date: /home/wateen/Desktop/IEEE-RAS-ROS-26/Task_16/install/diff_drive_robot/share/diff_drive_robot/worlds
[0.083s] -- Up-to-date: /home/wateen/Desktop/IEEE-RAS-ROS-26/Task_16/install/diff_drive_robot/share/diff_drive_robot/worlds/obstacles.world
[0.083s] -- Up-to-date: /home/wateen/Desktop/IEEE-RAS-ROS-26/Task_16/install/diff_drive_robot/share/diff_drive_robot/worlds/empty.world
[0.083s] -- Up-to-date: /home/wateen/Desktop/IEEE-RAS-ROS-26/Task_16/install/diff_drive_robot/share/diff_drive_robot/worlds/world.sdf
[0.084s] -- Up-to-date: /home/wateen/Desktop/IEEE-RAS-ROS-26/Task_16/install/diff_drive_robot/share/diff_drive_robot/rviz
[0.084s] -- Up-to-date: /home/wateen/Desktop/IEEE-RAS-ROS-26/Task_16/install/diff_drive_robot/share/diff_drive_robot/rviz/bot.rviz
[0.084s] -- Up-to-date: /home/wateen/Desktop/IEEE-RAS-ROS-26/Task_16/install/diff_drive_robot/share/diff_drive_robot/launch
[0.084s] -- Up-to-date: /home/wateen/Desktop/IEEE-RAS-ROS-26/Task_16/install/diff_drive_robot/share/diff_drive_robot/launch/robot.launch.py
[0.084s] -- Up-to-date: /home/wateen/Desktop/IEEE-RAS-ROS-26/Task_16/install/diff_drive_robot/share/diff_drive_robot/launch/rsp.launch.py
[0.085s] -- Up-to-date: /home/wateen/Desktop/IEEE-RAS-ROS-26/Task_16/install/diff_drive_robot/share/diff_drive_robot/urdf
[0.085s] -- Up-to-date: /home/wateen/Desktop/IEEE-RAS-ROS-26/Task_16/install/diff_drive_robot/share/diff_drive_robot/urdf/robot.gazebo
[0.086s] -- Up-to-date: /home/wateen/Desktop/IEEE-RAS-ROS-26/Task_16/install/diff_drive_robot/share/diff_drive_robot/urdf/robot.urdf
[0.086s] -- Up-to-date: /home/wateen/Desktop/IEEE-RAS-ROS-26/Task_16/install/diff_drive_robot/share/diff_drive_robot/urdf/inertial_macros.xacro
[0.087s] -- Up-to-date: /home/wateen/Desktop/IEEE-RAS-ROS-26/Task_16/install/diff_drive_robot/share/diff_drive_robot/config
[0.087s] -- Up-to-date: /home/wateen/Desktop/IEEE-RAS-ROS-26/Task_16/install/diff_drive_robot/share/diff_drive_robot/config/gz_bridge.yaml
[0.087s] -- Up-to-date: /home/wateen/Desktop/IEEE-RAS-ROS-26/Task_16/install/diff_drive_robot/share/diff_drive_robot/worlds
[0.088s] -- Up-to-date: /home/wateen/Desktop/IEEE-RAS-ROS-26/Task_16/install/diff_drive_robot/share/diff_drive_robot/worlds/obstacles.world
[0.088s] -- Up-to-date: /home/wateen/Desktop/IEEE-RAS-ROS-26/Task_16/install/diff_drive_robot/share/diff_drive_robot/worlds/empty.world
[0.088s] -- Up-to-date: /home/wateen/Desktop/IEEE-RAS-ROS-26/Task_16/install/diff_drive_robot/share/diff_drive_robot/worlds/world.sdf
[0.088s] -- Up-to-date: /home/wateen/Desktop/IEEE-RAS-ROS-26/Task_16/install/diff_drive_robot/share/diff_drive_robot/rviz
[0.089s] -- Up-to-date: /home/wateen/Desktop/IEEE-RAS-ROS-26/Task_16/install/diff_drive_robot/share/diff_drive_robot/rviz/bot.rviz
[0.089s] -- Up-to-date: /home/wateen/Desktop/IEEE-RAS-ROS-26/Task_16/install/diff_drive_robot/share/ament_index/resource_index/package_run_dependencies/diff_drive_robot
[0.090s] -- Up-to-date: /home/wateen/Desktop/IEEE-RAS-ROS-26/Task_16/install/diff_drive_robot/share/ament_index/resource_index/parent_prefix_path/diff_drive_robot
[0.090s] -- Up-to-date: /home/wateen/Desktop/IEEE-RAS-ROS-26/Task_16/install/diff_drive_robot/share/diff_drive_robot/environment/ament_prefix_path.sh
[0.090s] -- Up-to-date: /home/wateen/Desktop/IEEE-RAS-ROS-26/Task_16/install/diff_drive_robot/share/diff_drive_robot/environment/ament_prefix_path.dsv
[0.091s] -- Up-to-date: /home/wateen/Desktop/IEEE-RAS-ROS-26/Task_16/install/diff_drive_robot/share/diff_drive_robot/environment/path.sh
[0.091s] -- Up-to-date: /home/wateen/Desktop/IEEE-RAS-ROS-26/Task_16/install/diff_drive_robot/share/diff_drive_robot/environment/path.dsv
[0.091s] -- Up-to-date: /home/wateen/Desktop/IEEE-RAS-ROS-26/Task_16/install/diff_drive_robot/share/diff_drive_robot/local_setup.bash
[0.092s] -- Up-to-date: /home/wateen/Desktop/IEEE-RAS-ROS-26/Task_16/install/diff_drive_robot/share/diff_drive_robot/local_setup.sh
[0.092s] -- Up-to-date: /home/wateen/Desktop/IEEE-RAS-ROS-26/Task_16/install/diff_drive_robot/share/diff_drive_robot/local_setup.zsh
[0.093s] -- Up-to-date: /home/wateen/Desktop/IEEE-RAS-ROS-26/Task_16/install/diff_drive_robot/share/diff_drive_robot/local_setup.dsv
[0.094s] -- Installing: /home/wateen/Desktop/IEEE-RAS-ROS-26/Task_16/install/diff_drive_robot/share/diff_drive_robot/package.dsv
[0.095s] -- Up-to-date: /home/wateen/Desktop/IEEE-RAS-ROS-26/Task_16/install/diff_drive_robot/share/ament_index/resource_index/packages/diff_drive_robot
[0.095s] -- Up-to-date: /home/wateen/Desktop/IEEE-RAS-ROS-26/Task_16/install/diff_drive_robot/share/diff_drive_robot/cmake/diff_drive_robotConfig.cmake
[0.095s] -- Up-to-date: /home/wateen/Desktop/IEEE-RAS-ROS-26/Task_16/install/diff_drive_robot/share/diff_drive_robot/cmake/diff_drive_robotConfig-version.cmake
[0.096s] -- Up-to-date: /home/wateen/Desktop/IEEE-RAS-ROS-26/Task_16/install/diff_drive_robot/share/diff_drive_robot/package.xml
[0.096s] Invoked command in '/home/wateen/Desktop/IEEE-RAS-ROS-26/Task_16/build/diff_drive_robot' returned '0': CMAKE_PREFIX_PATH=${CMAKE_PREFIX_PATH}:/opt/ros/jazzy DEBUGINFOD_URLS=https://debuginfod.ubuntu.com /usr/bin/cmake --install /home/wateen/Desktop/IEEE-RAS-ROS-26/Task_16/build/diff_drive_robot
